1744494995,,,/mnt/Data/02 Learning/02 Programming/01 Programmnig Languages/02 HTML & CSS/01 CSS for JavaScript/CSS for JavaScript Developers 2021-1/01 Introduction/02 intro-welcome.mp4,184
1744495170,,,/mnt/Data/02 Learning/02 Programming/01 Programmnig Languages/02 HTML & CSS/01 CSS for JavaScript/CSS for JavaScript Developers 2021-1/01 Introduction/02 intro-welcome.mp4,184
1744497153,122,MPV | أفضل مشغل فيديو على لينكس وويندوز وماك - ضبط وتخصيص كامل للتطبيق,https://www.youtube.com/watch?v=t3IqyWNOdPg&t=513s,188
1744497220,,,/mnt/Data/02 Learning/02 Programming/01 Programmnig Languages/02 HTML & CSS/01 CSS for JavaScript/CSS for JavaScript Developers 2021-1/01 Introduction/02 intro-welcome.mp4,184
1745132636,,,/home/youssef/2025-04-20 08-57-16.mkv,50
1745132647,,,/home/youssef/2025-04-20 09-03-18.mkv,50
1745220141,,,/home/youssef/2025-04-21 09-21-50.mkv,50
1745220286,,,/home/youssef/2025-04-21 09-23-03.mkv,50
1745220728,,,/home/youssef/2025-04-21 09-30-52.mkv,50
1745220921,,,/home/youssef/2025-04-21 09-30-52.mkv,50
1745299572,,,/mnt/Data/02 Learning/06 Screen Casting/Screencasting -  Effortlessly create high-quality screencasts faster than ever 2024-1/0001_01_01_Introduction.mp4,166
1745299573,,,/mnt/Data/02 Learning/06 Screen Casting/Screencasting -  Effortlessly create high-quality screencasts faster than ever 2024-1/0001_01_01_Introduction.mp4,166
1745299585,,,/mnt/Data/02 Learning/06 Screen Casting/Screencasting -  Effortlessly create high-quality screencasts faster than ever 2024-1/0001_01_01_Introduction.mp4,166
1745299598,,,/mnt/Data/02 Learning/06 Screen Casting/Screencasting -  Effortlessly create high-quality screencasts faster than ever 2024-1/0002_01_02_Things_I_care_about.mp4,173
1745299600,,,/mnt/Data/02 Learning/06 Screen Casting/Screencasting -  Effortlessly create high-quality screencasts faster than ever 2024-1/0001_01_01_Introduction.mp4,166
1745299729,,,/mnt/Data/02 Learning/06 Screen Casting/Screencasting -  Effortlessly create high-quality screencasts faster than ever 2024-1/0002_01_02_Things_I_care_about.mp4,173
1745299935,,,/mnt/Data/02 Learning/06 Screen Casting/Screencasting -  Effortlessly create high-quality screencasts faster than ever 2024-1/0003_01_03_Will_you_get_rich.mp4,171
1745299960,,,/mnt/Data/02 Learning/06 Screen Casting/Screencasting -  Effortlessly create high-quality screencasts faster than ever 2024-1/0004_02_01_Who_are_you_teaching.mp4,174
1745317788,,,/mnt/Data/02 Learning/02 Programming/04 Web Design/01 Webflow/Flux Academy - The Webflow Masterclass 4.0 Pro 2023-11/00 - Introduction/01 - Course Overview & How to make the best of it - Flux Academy.mp4,216
1745596882,,,/mnt/Data/02 Learning/02 Programming/01 Programmnig Languages/Libraries/04 Tailwind CSS/01 - Introduction/001 Introduction.mp4,139
1745597152,,,/mnt/Data/02 Learning/02 Programming/01 Programmnig Languages/Libraries/04 Tailwind CSS/01 - Introduction/001 Introduction.mp4,139
1745597209,,,/mnt/Data/02 Learning/02 Programming/01 Programmnig Languages/Libraries/04 Tailwind CSS/01 - Introduction/001 Introduction.mp4,139
1745597322,,,/mnt/Data/02 Learning/02 Programming/01 Programmnig Languages/Libraries/04 Tailwind CSS/01 - Introduction/002 Course Outline & Projects.mp4,152
1745597793,,,/mnt/Data/02 Learning/02 Programming/01 Programmnig Languages/Libraries/04 Tailwind CSS/01 - Introduction/004 What Is Tailwind CSS.mp4,147
1745654832,,,/mnt/Data/02 Learning/02 Programming/01 Programmnig Languages/02 HTML & CSS/02 Advanced CSS, Sass, Flexbox, Grid, & Animation /Udemy - Advanced CSS and Sass Flexbox, Grid, Animations and More! 2024-11/01. Welcome, Welcome, Welcome!/1. Welcome to the Most Advanced CSS Course Ever!.mp4,297
1745654844,,,/mnt/Data/02 Learning/02 Programming/01 Programmnig Languages/02 HTML & CSS/02 Advanced CSS, Sass, Flexbox, Grid, & Animation /Udemy - Advanced CSS and Sass Flexbox, Grid, Animations and More! 2024-11/01. Welcome, Welcome, Welcome!/3. Setting up Our Tools.mp4,272
1745654883,,,/mnt/Data/02 Learning/02 Programming/01 Programmnig Languages/02 HTML & CSS/02 Advanced CSS, Sass, Flexbox, Grid, & Animation /Udemy - Advanced CSS and Sass Flexbox, Grid, Animations and More! 2024-11/02. Natours Project — Setup and First Steps (Part 1)/1. Section Intro.mp4,289
1745657743,,,/mnt/Data/02 Learning/02 Programming/01 Programmnig Languages/07 Python/7 - Milestone Project 1/59 - Introduction to Warm Up Project Exercises.mp4,159
1745657846,,,/mnt/Data/02 Learning/02 Programming/01 Programmnig Languages/07 Python/7 - Milestone Project 1/66 - Solution Overview for MileStone Project 1 Part One.mp4,168
1745657981,,,/mnt/Data/02 Learning/02 Programming/01 Programmnig Languages/07 Python/7 - Milestone Project 1/67 - Solution Overview for MileStone Project 1 Part Two.mp4,168
1745664512,,,/mnt/Data/02 Learning/02 Programming/01 Programmnig Languages/07 Python/3 - Python Object and Data Structure Basics/11 - Introduction to Python Data Types.mp4,171
1745664639,,,/mnt/Data/02 Learning/02 Programming/01 Programmnig Languages/07 Python/3 - Python Object and Data Structure Basics/12 - Python Numbers.mp4,152
1745664678,,,/mnt/Data/02 Learning/02 Programming/01 Programmnig Languages/07 Python/3 - Python Object and Data Structure Basics/12 - Python Numbers.mp4,152
1745664706,,,/mnt/Data/02 Learning/02 Programming/01 Programmnig Languages/07 Python/3 - Python Object and Data Structure Basics/14 - Variable Assignments.mp4,158
1745664926,,,/mnt/Data/02 Learning/02 Programming/01 Programmnig Languages/07 Python/3 - Python Object and Data Structure Basics/15 - Introduction to Strings.mp4,161
1745689225,,,/mnt/Data/02 Learning/02 Programming/01 Programmnig Languages/07 Python/02 The Compelete Python Bootcamp From Zero to Hero/3 - Python Object and Data Structure Basics/14 - Variable Assignments.mp4,209
1745689538,,,/mnt/Data/02 Learning/02 Programming/01 Programmnig Languages/07 Python/02 The Compelete Python Bootcamp From Zero to Hero/2 - Python Setup/9 - Getting the Notebooks and the Course Material.mp4,206
1745689567,,,/mnt/Data/02 Learning/02 Programming/01 Programmnig Languages/07 Python/02 The Compelete Python Bootcamp From Zero to Hero/2 - Python Setup/8 - Running Python Code.mp4,180
1745689572,,,/mnt/Data/02 Learning/02 Programming/01 Programmnig Languages/07 Python/02 The Compelete Python Bootcamp From Zero to Hero/2 - Python Setup/7 - Installing Python Step by Step.mp4,191
1745689675,,,/mnt/Data/02 Learning/02 Programming/01 Programmnig Languages/07 Python/02 The Compelete Python Bootcamp From Zero to Hero/3 - Python Object and Data Structure Basics/14 - Variable Assignments.mp4,209
1745691135,,,/mnt/Data/02 Learning/02 Programming/01 Programmnig Languages/07 Python/02 The Compelete Python Bootcamp From Zero to Hero/3 - Python Object and Data Structure Basics/15 - Introduction to Strings.mp4,212
1745692979,,,/mnt/Data/02 Learning/02 Programming/01 Programmnig Languages/07 Python/02 The Compelete Python Bootcamp From Zero to Hero/3 - Python Object and Data Structure Basics/16 - Indexing and Slicing with Strings.mp4,222
1745694223,,,/mnt/Data/02 Learning/02 Programming/01 Programmnig Languages/07 Python/02 The Compelete Python Bootcamp From Zero to Hero/3 - Python Object and Data Structure Basics/17 - String Properties and Methods.mp4,218
1745694654,,,/mnt/Data/02 Learning/02 Programming/01 Programmnig Languages/07 Python/02 The Compelete Python Bootcamp From Zero to Hero/3 - Python Object and Data Structure Basics/17 - String Properties and Methods.mp4,218
1745694772,,,/mnt/Data/02 Learning/02 Programming/01 Programmnig Languages/07 Python/02 The Compelete Python Bootcamp From Zero to Hero/3 - Python Object and Data Structure Basics/19 - Print Formatting with Strings.mp4,218
1745826312,,,/mnt/Data/02 Learning/02 Programming/01 Programmnig Languages/07 Python/02 The Compelete Python Bootcamp From Zero to Hero/3 - Python Object and Data Structure Basics/19 - Print Formatting with Strings.mp4,218
1745828465,,,/mnt/Data/02 Learning/02 Programming/01 Programmnig Languages/07 Python/01 Mastering 4 Critical Skills using Python/1 - Getting Started/3 - Teaching Style.mp4,171
1745828471,,,/mnt/Data/02 Learning/02 Programming/01 Programmnig Languages/07 Python/01 Mastering 4 Critical Skills using Python/1 - Getting Started/2 - Who should take this course.mp4,184
1745856789,,,/mnt/Data/02 Learning/02 Programming/01 Programmnig Languages/07 Python/02 The Compelete Python Bootcamp From Zero to Hero/3 - Python Object and Data Structure Basics/21 - Lists in Python.mp4,204
1745943157,,,/mnt/Projects/ITI Projects/Bootstrap/Day 01/كيف تصبح شخص مثقف وموسوعي ｜ بودكاست مع الاستاذ أحمد سالم [HETbHdyRNlk].mp4,178
1745943871,,,/mnt/Projects/ITI Projects/Bootstrap/Day 01/كيف تصبح شخص مثقف وموسوعي ｜ بودكاست مع الاستاذ أحمد سالم [HETbHdyRNlk].mp4,178
1745943882,,,/mnt/Projects/ITI Projects/Bootstrap/Day 01/كيف تصبح شخص مثقف وموسوعي ｜ بودكاست مع الاستاذ أحمد سالم [HETbHdyRNlk].webm,179
1745943899,,,/mnt/Projects/ITI Projects/Bootstrap/Day 01/كيف تصبح شخص مثقف وموسوعي ｜ بودكاست مع الاستاذ أحمد سالم [HETbHdyRNlk].mp4,178
1745943901,,,/mnt/Projects/ITI Projects/Bootstrap/Day 01/كيف تصبح شخص مثقف وموسوعي ｜ بودكاست مع الاستاذ أحمد سالم [HETbHdyRNlk].mp4,178
1745943908,,,/mnt/Projects/ITI Projects/Bootstrap/Day 01/كيف تصبح شخص مثقف وموسوعي ｜ بودكاست مع الاستاذ أحمد سالم [HETbHdyRNlk].mp4,178
1745944484,,,/mnt/Data/06 Productivity/01 Podcasts/كيف تصبح شخص مثقف وموسوعي ｜ بودكاست مع الاستاذ أحمد سالم [HETbHdyRNlk].mp4,172
1745944658,,,/mnt/Data/02 Learning/02 Programming/01 Programmnig Languages/02 HTML & CSS/02 Advanced CSS, Sass, Flexbox, Grid, & Animation /01. Welcome, Welcome, Welcome!/3. Setting up Our Tools.mp4,198
1745944671,,,/mnt/Data/02 Learning/02 Programming/01 Programmnig Languages/02 HTML & CSS/02 Advanced CSS, Sass, Flexbox, Grid, & Animation /02. Natours Project — Setup and First Steps (Part 1)/1. Section Intro.mp4,215
1745944729,,,/mnt/Data/02 Learning/02 Programming/01 Programmnig Languages/02 HTML & CSS/02 Advanced CSS, Sass, Flexbox, Grid, & Animation /02. Natours Project — Setup and First Steps (Part 1)/2. Project Overview.mp4,218
1745945011,,,/mnt/Data/02 Learning/02 Programming/01 Programmnig Languages/02 HTML & CSS/02 Advanced CSS, Sass, Flexbox, Grid, & Animation /02. Natours Project — Setup and First Steps (Part 1)/3. Building the Header - Part 1.mp4,230
1745945650,,,/mnt/Data/02 Learning/02 Programming/01 Programmnig Languages/02 HTML & CSS/02 Advanced CSS, Sass, Flexbox, Grid, & Animation /02. Natours Project — Setup and First Steps (Part 1)/3. Building the Header - Part 1.mp4,230
1745949286,,,/mnt/Data/02 Learning/02 Programming/01 Programmnig Languages/02 HTML & CSS/02 Advanced CSS, Sass, Flexbox, Grid, & Animation /02. Natours Project — Setup and First Steps (Part 1)/4. Building the Header - Part 2.mp4,230
1745949304,,,/mnt/Data/02 Learning/02 Programming/01 Programmnig Languages/02 HTML & CSS/02 Advanced CSS, Sass, Flexbox, Grid, & Animation /02. Natours Project — Setup and First Steps (Part 1)/4. Building the Header - Part 2.mp4,230
1745949310,,,/mnt/Data/02 Learning/02 Programming/01 Programmnig Languages/02 HTML & CSS/02 Advanced CSS, Sass, Flexbox, Grid, & Animation /02. Natours Project — Setup and First Steps (Part 1)/5. Creating Cool CSS Animations.mp4,230
1745949320,,,/mnt/Data/02 Learning/02 Programming/01 Programmnig Languages/02 HTML & CSS/02 Advanced CSS, Sass, Flexbox, Grid, & Animation /02. Natours Project — Setup and First Steps (Part 1)/6. Building a Complex Animated Button - Part 1.mp4,245
1745949328,,,/mnt/Data/02 Learning/02 Programming/01 Programmnig Languages/02 HTML & CSS/02 Advanced CSS, Sass, Flexbox, Grid, & Animation /02. Natours Project — Setup and First Steps (Part 1)/7. Building a Complex Animated Button - Part 2.mp4,245
1746285688,,,/home/youssef/Downloads/MicrosoftTeams-video.mp4,61
1746285688,,,/home/youssef/Downloads/MicrosoftTeams-video.mp4,61
1746286498,,,/home/youssef/Downloads/MicrosoftTeams-video (1).mp4,65
1746286522,,,/home/youssef/Downloads/MicrosoftTeams-video (2).mp4,65
1746286690,,,/home/youssef/Downloads/MicrosoftTeams-video (2).mp4,65
1746286716,,,/home/youssef/Downloads/MicrosoftTeams-video (1).mp4,65
1746286729,,,/home/youssef/Downloads/MicrosoftTeams-video.mp4,61
1746364035,,,/home/youssef/Downloads/MicrosoftTeams-video (3).mp4,65
1746364082,,,/home/youssef/Downloads/MicrosoftTeams-video (4).mp4,65
1746364217,,,/home/youssef/Downloads/MicrosoftTeams-video (2).mp4,65
1746364232,,,/home/youssef/Downloads/MicrosoftTeams-video (1).mp4,65
1746364247,,,/home/youssef/Downloads/MicrosoftTeams-video.mp4,61
1746395874,,,/mnt/Data/02 Learning/02 Programming/01 Programmnig Languages/Libraries/01 React JS/The Joy of React . Josh W Comeau/04 Module 3 React Hooks/053 - Another Tool in the Toolbox.ts,190
1746395903,,,/mnt/Data/02 Learning/02 Programming/01 Programmnig Languages/Libraries/01 React JS/The Joy of React . Josh W Comeau/04 Module 3 React Hooks/053 - Another Tool in the Toolbox.ts,190
1746396680,,,/mnt/Data/02 Learning/02 Programming/01 Programmnig Languages/Libraries/01 React JS/The Joy of React . Josh W Comeau/04 Module 3 React Hooks/053 - Another Tool in the Toolbox,187
1746396690,,,/mnt/Data/02 Learning/02 Programming/01 Programmnig Languages/Libraries/01 React JS/The Joy of React . Josh W Comeau/04 Module 3 React Hooks/054 - The useId Hook.mp4,178
1746396940,,,/mnt/Data/02 Learning/02 Programming/01 Programmnig Languages/Libraries/01 React JS/The Joy of React . Josh W Comeau/11 Tools of the Trade/220 - Navigation • Josh W Comeau's Course Platform - 926x540 94K.mp4,222
1746423914,,,/home/youssef/Downloads/MicrosoftTeams-video (4).mp4,65
1746423931,,,/home/youssef/Downloads/MicrosoftTeams-video (4).mp4,65
1746424049,,,/home/youssef/Downloads/MicrosoftTeams-video (1).mp4,65
1746425608,,,/home/youssef/Downloads/MicrosoftTeams-video (4).mp4,65
1746425792,,,/home/youssef/Downloads/MicrosoftTeams-video (5).mp4,65
1746425799,,,/home/youssef/Downloads/MicrosoftTeams-video (6).mp4,65
1746425807,,,/home/youssef/Downloads/MicrosoftTeams-video (6).mp4,65
1746425877,,,/home/youssef/Downloads/MicrosoftTeams-video (5).mp4,65
1746425923,,,/home/youssef/Downloads/MicrosoftTeams-video (6).mp4,65
1746425944,,,/home/youssef/Downloads/MicrosoftTeams-video (5).mp4,65
1746426030,,,/home/youssef/Downloads/MicrosoftTeams-video (4).mp4,65
1746426100,,,/home/youssef/Downloads/MicrosoftTeams-video (7).mp4,65
1746426110,,,/home/youssef/Downloads/MicrosoftTeams-video (6).mp4,65
1746431564,,,/home/youssef/Downloads/MicrosoftTeams-video (4).mp4,65
1746462460,,,/mnt/Data/02 Learning/02 Programming/01 Programmnig Languages/Libraries/01 React JS/The Joy of React . Josh W Comeau/04 Module 3 React Hooks/054 - The useId Hook.mp4,178
1746468111,,,/run/media/youssef/YASSERFLASH/A02_20250503192917.mp4,66
1746476882,,,/mnt/Data/02 Learning/02 Programming/01 Programmnig Languages/Libraries/01 React JS/The Joy of React . Josh W Comeau/04 Module 3 React Hooks/055 - Rules of Hooks • Josh W Comeau's Course Platform - 1920x1080 1097K.ts,231
1746478314,,,/mnt/Data/02 Learning/02 Programming/01 Programmnig Languages/Libraries/01 React JS/The Joy of React . Josh W Comeau/04 Module 3 React Hooks/056 - Exercises • Josh W Comeau's Course Platform - 1920x1080 729K.mp4,226
1746479985,,,/mnt/Data/02 Learning/02 Programming/01 Programmnig Languages/Libraries/01 React JS/The Joy of React . Josh W Comeau/04 Module 3 React Hooks/057 - Exercises • Josh W Comeau's Course Platform - 1920x1080 940K.mp4,226
1746479992,,,/mnt/Data/02 Learning/02 Programming/01 Programmnig Languages/Libraries/01 React JS/The Joy of React . Josh W Comeau/04 Module 3 React Hooks/058 - Immutability Revisited • Josh W Comeau's Course Platform - 1920x1080 3542K.mp4,240
1746645989,,,/mnt/Data/02 Learning/02 Programming/01 Programmnig Languages/Libraries/01 React JS/The Joy of React . Josh W Comeau/04 Module 3 React Hooks/058 - Immutability Revisited • Josh W Comeau's Course Platform - 1920x1080 3542K.mp4,240
1746647433,,,/mnt/Data/02 Learning/02 Programming/01 Programmnig Languages/Libraries/01 React JS/The Joy of React . Josh W Comeau/04 Module 3 React Hooks/058 - Immutability Revisited • Josh W Comeau's Course Platform - 1920x1080 3542K.mp4,240
1746649526,,,/mnt/Data/02 Learning/02 Programming/01 Programmnig Languages/Libraries/01 React JS/The Joy of React . Josh W Comeau/04 Module 3 React Hooks/059 - Refs • Josh W Comeau's Course Platform - 1920x1080 1377K.ts,221
1746690280,,,/mnt/Data/02 Learning/02 Programming/01 Programmnig Languages/Libraries/01 React JS/The Joy of React . Josh W Comeau/04 Module 3 React Hooks/059 - Refs • Josh W Comeau's Course Platform - 1920x1080 1377K.ts,221
1746690305,,,/mnt/Data/02 Learning/02 Programming/01 Programmnig Languages/Libraries/01 React JS/The Joy of React . Josh W Comeau/04 Module 3 React Hooks/059 - Refs • Josh W Comeau's Course Platform - 1920x1080 1377K.ts,221
1746690364,,,/mnt/Data/02 Learning/02 Programming/01 Programmnig Languages/Libraries/01 React JS/The Joy of React . Josh W Comeau/04 Module 3 React Hooks/059 - Refs • Josh W Comeau's Course Platform - 1920x1080 1377K.ts,221
1746721811,,,/mnt/Data/02 Learning/02 Programming/01 Programmnig Languages/Libraries/01 React JS/The Joy of React . Josh W Comeau/04 Module 3 React Hooks/059 - Refs • Josh W Comeau's Course Platform - 1920x1080 1377K.ts,221
1746723505,,,/mnt/Data/02 Learning/02 Programming/01 Programmnig Languages/Libraries/01 React JS/The Joy of React . Josh W Comeau/04 Module 3 React Hooks/060 - Exercises • Josh W Comeau's Course Platform - 1920x1080 4208K.ts,226
1746789812,,,/mnt/Data/02 Learning/02 Programming/01 Programmnig Languages/Libraries/01 React JS/The Joy of React . Josh W Comeau/04 Module 3 React Hooks/062 - Side Effects • Josh W Comeau's Course Platform - 1920x1080 3999K.ts,229
1746801767,,,/mnt/Data/02 Learning/02 Programming/01 Programmnig Languages/Libraries/01 React JS/The Joy of React . Josh W Comeau/04 Module 3 React Hooks/062 - Side Effects • Josh W Comeau's Course Platform - 1920x1080 3999K.ts,229
1746802133,,,/mnt/Data/02 Learning/02 Programming/01 Programmnig Languages/Libraries/01 React JS/The Joy of React . Josh W Comeau/04 Module 3 React Hooks/063 - The useEffect hook • Josh W Comeau's Course Platform - 1920x1080 1255K.mp4,236
1746803879,,,/mnt/Data/02 Learning/02 Programming/01 Programmnig Languages/Libraries/01 React JS/The Joy of React . Josh W Comeau/04 Module 3 React Hooks/063 - The useEffect hook • Josh W Comeau's Course Platform - 1920x1080 1255K.mp4,236
1746803931,,,/mnt/Data/02 Learning/02 Programming/01 Programmnig Languages/Libraries/01 React JS/The Joy of React . Josh W Comeau/04 Module 3 React Hooks/064 - Exercises • Josh W Comeau's Course Platform - 1920x1080 532K.mp4,226
1746803970,,,/mnt/Data/02 Learning/02 Programming/01 Programmnig Languages/Libraries/01 React JS/The Joy of React . Josh W Comeau/04 Module 3 React Hooks/063 - The useEffect hook • Josh W Comeau's Course Platform - 1920x1080 1255K.mp4,236
1746804528,,,/mnt/Data/02 Learning/02 Programming/01 Programmnig Languages/Libraries/01 React JS/The Joy of React . Josh W Comeau/04 Module 3 React Hooks/064 - Exercises • Josh W Comeau's Course Platform - 1920x1080 532K.mp4,226
1746804531,,,/mnt/Data/02 Learning/02 Programming/01 Programmnig Languages/Libraries/01 React JS/The Joy of React . Josh W Comeau/04 Module 3 React Hooks/063 - The useEffect hook • Josh W Comeau's Course Platform - 1920x1080 1255K.mp4,236
1746804556,,,/mnt/Data/02 Learning/02 Programming/01 Programmnig Languages/Libraries/01 React JS/The Joy of React . Josh W Comeau/04 Module 3 React Hooks/063 - The useEffect hook • Josh W Comeau's Course Platform - 1920x1080 1255K.mp4,236
1746810746,,,/mnt/Data/02 Learning/02 Programming/01 Programmnig Languages/Libraries/01 React JS/The Joy of React . Josh W Comeau/04 Module 3 React Hooks/064 - Exercises • Josh W Comeau's Course Platform - 1920x1080 532K.mp4,226
1746810966,,,/mnt/Data/02 Learning/02 Programming/01 Programmnig Languages/Libraries/01 React JS/The Joy of React . Josh W Comeau/04 Module 3 React Hooks/064 - Exercises • Josh W Comeau's Course Platform - 1920x1080 532K.mp4,226
1746869311,,,/mnt/Data/02 Learning/02 Programming/01 Programmnig Languages/Libraries/01 React JS/The Joy of React . Josh W Comeau/04 Module 3 React Hooks/064 - Exercises • Josh W Comeau's Course Platform - 1920x1080 532K.mp4,226
1746869796,,,/home/youssef/Downloads/MicrosoftTeams-video (1).mp4,65
1746869802,,,/home/youssef/Downloads/MicrosoftTeams-video (2).mp4,65
1746869815,,,/home/youssef/Downloads/MicrosoftTeams-video (1).mp4,65
1746869817,,,/home/youssef/Downloads/MicrosoftTeams-video (2).mp4,65
1746869818,,,/home/youssef/Downloads/MicrosoftTeams-video (3).mp4,65
1746869823,,,/home/youssef/Downloads/MicrosoftTeams-video (2).mp4,65
1746869823,,,/home/youssef/Downloads/MicrosoftTeams-video (1).mp4,65
1746869824,,,/home/youssef/Downloads/landscape.jpg,50
1746869825,,,/home/youssef/Downloads/MicrosoftTeams-video (1).mp4,65
1746869827,,,/home/youssef/Downloads/MicrosoftTeams-video (2).mp4,65
1746869829,,,/home/youssef/Downloads/MicrosoftTeams-video (3).mp4,65
1746869830,,,/home/youssef/Downloads/MicrosoftTeams-video (4).mp4,65
1746869836,,,/home/youssef/Downloads/MicrosoftTeams-video (5).mp4,65
1746869838,,,/home/youssef/Downloads/MicrosoftTeams-video (6).mp4,65
1746869843,,,/home/youssef/Downloads/MicrosoftTeams-video (7).mp4,65
1746869844,,,/home/youssef/Downloads/MicrosoftTeams-video.mp4,61
1746907292,,,/mnt/Data/02 Learning/02 Programming/01 Programmnig Languages/Libraries/01 React JS/The Joy of React . Josh W Comeau/01 Module 1 React Fundamentals/022 - Styling In React • Josh W Comeau's Course Platform - 1920x1080 2291K.ts,240
1746907781,,,/mnt/Data/02 Learning/02 Programming/01 Programmnig Languages/Libraries/01 React JS/The Joy of React . Josh W Comeau/01 Module 1 React Fundamentals/023 - CSS Modules • Josh W Comeau's Course Platform - 1920x1080 3362K.mp4,236
1746908809,,,/home/youssef/Downloads/MicrosoftTeams-video.mp4,61
1746953692,,,/home/youssef/Downloads/MicrosoftTeams-video.mp4,61
1746964492,,,/home/youssef/Downloads/MicrosoftTeams-video (4).mp4,65
1746964495,,,/home/youssef/Downloads/MicrosoftTeams-video (4).mp4,65
1746964495,,,/home/youssef/Downloads/MicrosoftTeams-video (4).mp4,65
1746964561,,,/home/youssef/Downloads/MicrosoftTeams-video (3).mp4,65
1746964649,,,/home/youssef/Downloads/MicrosoftTeams-video (4).mp4,65
1746964656,,,/home/youssef/Downloads/MicrosoftTeams-video (5).mp4,65
1746964663,,,/home/youssef/Downloads/MicrosoftTeams-video (6).mp4,65
1746964666,,,/home/youssef/Downloads/MicrosoftTeams-video (7).mp4,65
1746964668,,,/home/youssef/Downloads/MicrosoftTeams-video.mp4,61
1747058913,,,/mnt/Data/02 Learning/02 Programming/01 Programmnig Languages/07 Python/02 The Compelete Python Bootcamp From Zero to Hero/8 - Object Oriented Programming/68 - Object Oriented Programming Introduction.mp4,217
1747059667,,,/mnt/Data/02 Learning/02 Programming/01 Programmnig Languages/07 Python/01 Mastering 4 Critical Skills using Python/10 - Classes and Objects/116 - Class and Object.mp4,180
1747060268,,,/mnt/Data/02 Learning/02 Programming/01 Programmnig Languages/07 Python/01 Mastering 4 Critical Skills using Python/10 - Classes and Objects/117 - Methods.mp4,171
1747060471,,,/mnt/Data/02 Learning/02 Programming/01 Programmnig Languages/07 Python/02 The Compelete Python Bootcamp From Zero to Hero/8 - Object Oriented Programming/68 - Object Oriented Programming Introduction.mp4,217
1747060478,,,/mnt/Data/02 Learning/02 Programming/01 Programmnig Languages/07 Python/02 The Compelete Python Bootcamp From Zero to Hero/8 - Object Oriented Programming/68 - Object Oriented Programming Introduction.mp4,217
1747091411,,,/home/youssef/Downloads/MicrosoftTeams-video (8).mp4,65
1747147207,,,/mnt/Data/02 Learning/02 Programming/01 Programmnig Languages/Libraries & Frameworks/05 Django/1. Course Introduction/1. Introduction.mp4,150
1747334460,,,/mnt/Data/02 Learning/02 Programming/01 Programmnig Languages/Libraries & Frameworks/05 Django/1. Course Introduction/4. Course Set-Up and Installation.mp4,168
1747334544,,,/mnt/Data/02 Learning/02 Programming/01 Programmnig Languages/Libraries & Frameworks/05 Django/7. Capstone Project One/1. Capstone Project One Overview.mp4,168
1747334566,,,/mnt/Data/02 Learning/02 Programming/01 Programmnig Languages/Libraries & Frameworks/05 Django/13. Back-End Introduction/1. Introduction to the Back-End.mp4,169
1747347117,,,/mnt/Data/02 Learning/02 Programming/01 Programmnig Languages/Libraries & Frameworks/05 Django/13. Back-End Introduction/2. Command Line and Terminal Overview.mp4,175
1747347166,,,/mnt/Data/02 Learning/02 Programming/01 Programmnig Languages/Libraries & Frameworks/05 Django/14. Python - Level One/6. Part Four Dictionaries.mp4,160
1747347266,,,/mnt/Data/02 Learning/02 Programming/01 Programmnig Languages/Libraries & Frameworks/05 Django/16. Django Level One - Basics/1. Django Level One - Part One - Django Setup.mp4,187
1747404013,,,/mnt/Data/02 Learning/02 Programming/01 Programmnig Languages/Libraries & Frameworks/05 Django/16. Django Level One - Basics/1. Django Level One - Part One - Django Setup.mp4,187
1747412752,,,/mnt/Data/02 Learning/02 Programming/01 Programmnig Languages/Libraries & Frameworks/05 Django/16. Django Level One - Basics/6. Django Level One - Part Six - URL Mappings.mp4,187
1747412829,,,/mnt/Data/02 Learning/02 Programming/01 Programmnig Languages/Libraries & Frameworks/05 Django/16. Django Level One - Basics/1. Django Level One - Part One - Django Setup.mp4,187
1747437784,,,/mnt/Data/02 Learning/02 Programming/01 Programmnig Languages/Libraries & Frameworks/05 Django/16. Django Level One - Basics/02 Django Project.mp4,159
1747437786,,,/mnt/Data/02 Learning/02 Programming/01 Programmnig Languages/Libraries & Frameworks/05 Django/16. Django Level One - Basics/01 Django Setup.mp4,157
1747437794,,,/mnt/Data/02 Learning/02 Programming/01 Programmnig Languages/Libraries & Frameworks/05 Django/16. Django Level One - Basics/01 Django Setup.mp4,157
1747438132,,,/mnt/Data/02 Learning/02 Programming/01 Programmnig Languages/Libraries & Frameworks/05 Django/16. Django Level One - Basics/02 Django Project.mp4,159
1747473309,,,/mnt/Data/02 Learning/02 Programming/01 Programmnig Languages/Libraries & Frameworks/05 Django/16. Django Level One - Basics/01 Django Setup.mp4,157
1747543148,,,/mnt/Data/02 Learning/02 Programming/01 Programmnig Languages/Libraries & Frameworks/05 Django/16. Django Level One - Basics/01 Django Setup.mp4,157
1747544469,,,/mnt/Data/02 Learning/02 Programming/01 Programmnig Languages/Libraries & Frameworks/05 Django/16. Django Level One - Basics/02 Django Project.mp4,159
1747606167,,,/mnt/Data/02 Learning/02 Programming/01 Programmnig Languages/Libraries & Frameworks/05 Django/16. Django Level One - Basics/02 Django Project.mp4,159
1747607618,,,/mnt/Data/02 Learning/02 Programming/01 Programmnig Languages/Libraries & Frameworks/05 Django/16. Django Level One - Basics/03 Django Application.mp4,163
1747990620,,,/mnt/Data/06 Productivity/01 Podcasts/كيف تصبح شخص مثقف وموسوعي ｜ بودكاست مع الاستاذ أحمد سالم [HETbHdyRNlk].webm,173
1748008520,,,/mnt/Data/02 Learning/02 Programming/01 Programmnig Languages/Libraries & Frameworks/05 Django/15. Python - Level Two/1. Introduction to Python Level Two.mp4,170
1748008557,,,/mnt/Data/02 Learning/02 Programming/01 Programmnig Languages/Libraries & Frameworks/05 Django/15. Python - Level Two/2. Scope.mp4,143
1748071469,,,/mnt/Data/02 Learning/02 Programming/01 Programmnig Languages/Libraries & Frameworks/05 Django/15. Python - Level Two/2. Scope.mp4,143
1748071483,,,/mnt/Data/02 Learning/02 Programming/01 Programmnig Languages/Libraries & Frameworks/05 Django/15. Python - Level Two/2. Scope.mp4,143
1748072221,,,/mnt/Data/02 Learning/02 Programming/01 Programmnig Languages/Libraries & Frameworks/05 Django/15. Python - Level Two/3. Object Oriented Programming - Part One.mp4,176
1748072241,,,/mnt/Data/02 Learning/02 Programming/01 Programmnig Languages/Libraries & Frameworks/05 Django/16. Django Level One - Basics/03 Django Application.mp4,163
1748073424,,,/mnt/Data/02 Learning/02 Programming/01 Programmnig Languages/Libraries & Frameworks/05 Django/16. Django Level One - Basics/03 Django Application.mp4,163
1748092544,,,/home/youssef/Downloads/MicrosoftTeams-video (10).mp4,66
1748092581,,,/home/youssef/Downloads/MicrosoftTeams-video (11).mp4,66
1748092605,,,/home/youssef/Downloads/MicrosoftTeams-video (12).mp4,66
1748093168,,,/home/youssef/Downloads/MicrosoftTeams-video (15).mp4,66
1748093179,,,/home/youssef/Downloads/MicrosoftTeams-video (14).mp4,66
1748093200,,,/home/youssef/Downloads/MicrosoftTeams-video (15).mp4,66
1748100181,,,/home/youssef/Downloads/MicrosoftTeams-video (14).mp4,66
1748115645,,,/mnt/Data/02 Learning/02 Programming/01 Programmnig Languages/Libraries & Frameworks/05 Django/16. Django Level One - Basics/03 Django Application.mp4,163
